[debug] [2025-12-31T13:53:32.736Z] ----------------------------------------------------------------------
[debug] [2025-12-31T13:53:32.750Z] Command:       /nix/store/ws50yvm6vzlzf7jzz6n7xh4szddrack1-nodejs-20.19.1/bin/node /home/user/.global_modules/bin/firebase deploy --message SOVEREIGN_V2_NODE22: 48H_Vault_Live
[debug] [2025-12-31T13:53:32.752Z] CLI Version:   15.1.0
[debug] [2025-12-31T13:53:32.753Z] Platform:      linux
[debug] [2025-12-31T13:53:32.753Z] Node Version:  v20.19.1
[debug] [2025-12-31T13:53:32.753Z] Time:          Wed Dec 31 2025 13:53:32 GMT+0000 (Coordinated Universal Time)
[debug] [2025-12-31T13:53:32.753Z] ----------------------------------------------------------------------
[debug] 
[debug] [2025-12-31T13:54:16.170Z] Checked if tokens are valid: false, expires at: 1767183665690
[debug] [2025-12-31T13:54:16.171Z] Checked if tokens are valid: false, expires at: 1767183665690
[debug] [2025-12-31T13:54:16.172Z] > refreshing access token with scopes: []
[debug] [2025-12-31T13:54:16.175Z] >>> [apiv2][query] POST https://www.googleapis.com/oauth2/v3/token [none]
[debug] [2025-12-31T13:54:16.175Z] >>> [apiv2][body] POST https://www.googleapis.com/oauth2/v3/token [omitted]
[debug] [2025-12-31T13:54:16.385Z] <<< [apiv2][status] POST https://www.googleapis.com/oauth2/v3/token 200
[debug] [2025-12-31T13:54:16.391Z] <<< [apiv2][body] POST https://www.googleapis.com/oauth2/v3/token [omitted]
[debug] [2025-12-31T13:54:16.493Z] >>> [apiv2][query] GET https://monospace-pa.googleapis.com/v1/workspaces/na-95675980 [none]
[debug] [2025-12-31T13:54:17.145Z] <<< [apiv2][status] GET https://monospace-pa.googleapis.com/v1/workspaces/na-95675980 200
[debug] [2025-12-31T13:54:17.146Z] <<< [apiv2][body] GET https://monospace-pa.googleapis.com/v1/workspaces/na-95675980 {"workspaceId":"na-95675980","name":"NA","workspaceRedirectUrl":"firebase-na-1766005514047.cluster-cbeiita7rbe7iuwhvjs5zww2i4.cloudworkstations.dev","status":"WORKSPACE_STATUS_RUNNING","lastAccessDatetime":"2025-12-31T13:51:36.300499Z","workspaceTemplate":"WORKSPACE_TEMPLATE_BLANK_WEB","owner":"SELF","serviceAccountEmail":"msp-3799799626278086196@monospace-per-ws-sa-8.iam.gserviceaccount.com","enableNix":true,"ownerEmail":"vmahdal56@gmail.com","workspaceImageUrl":"https://www.gstatic.com/monospace/250314/workspace-blank-192.png","templateArgs":"{}","templateRepoUrl":"file:///usr/local/monospace/templates/public/blank-nix","workstationAccessToken":"eyJhbGciOiJSUzI1NiIsInR5cCI6IkpXVCJ9.eyJpc3MiOiJodHRwczovL2Nsb3VkLmdvb2dsZS5jb20vd29ya3N0YXRpb25zIiwiYXVkIjoiZmlyZWJhc2UtbmEtMTc2NjAwNTUxNDA0Ny5jbHVzdGVyLWNiZWlpdGE3cmJlN2l1d2h2anM1end3Mmk0LmNsb3Vkd29ya3N0YXRpb25zLmRldiIsImlhdCI6MTc2NzE4OTI1NywiZXhwIjoxNzY3Mjc1NjU2fQ.VWnqJqXz8IQP85Sd2QKpQq3qBGdPAwo1t5zOgsAGBH38KmzBXzH45B5Ki3pMEAPoz2B-MpxMkwI-aWxFqjzp93TnUKFfTqZchv3XDV2Yjr4f0RehqykwhX3NsC_3OomzkgB69wzc1dXWH3ob4b63AxtMJ7lHLy-tAeCecc78A24lmAiS2hfqCcfISLPIR7Jdr9rm7oQa_uRJ9fR834TIQpMIF37rmpd9QxIJMmuXM5RqTAg6MpdKrmVEGGjWMxxoDfrMTEF9WrH5dOX7HU-82cpzgI2kp1IOP5Dz8Vm7leEyBb-mA9IzTBnA_J0_noD6UEbsWBk_vz8JpaeFNPAJ3w","firebaseProjectId":"huddleme"}
[debug] [2025-12-31T13:54:17.148Z] > command requires scopes: ["email","openid","https://www.googleapis.com/auth/cloudplatformprojects.readonly","https://www.googleapis.com/auth/firebase","https://www.googleapis.com/auth/cloud-platform","https://www.googleapis.com/auth/userinfo.email"]
[debug] [2025-12-31T13:54:17.149Z] > authorizing via signed-in user (vmahdal56@gmail.com)
[debug] [2025-12-31T13:54:17.149Z] [iam] checking project huddleme for permissions ["cloudfunctions.functions.create","cloudfunctions.functions.delete","cloudfunctions.functions.get","cloudfunctions.functions.list","cloudfunctions.functions.update","cloudfunctions.operations.get","firebase.projects.get","firebasehosting.sites.update"]
[debug] [2025-12-31T13:54:17.150Z] Checked if tokens are valid: true, expires at: 1767192855392
[debug] [2025-12-31T13:54:17.150Z] Checked if tokens are valid: true, expires at: 1767192855392
[debug] [2025-12-31T13:54:17.151Z] >>> [apiv2][query] POST https://cloudresourcemanager.googleapis.com/v1/projects/huddleme:testIamPermissions [none]
[debug] [2025-12-31T13:54:17.151Z] >>> [apiv2][(partial)header] POST https://cloudresourcemanager.googleapis.com/v1/projects/huddleme:testIamPermissions x-goog-quota-user=projects/huddleme
[debug] [2025-12-31T13:54:17.151Z] >>> [apiv2][body] POST https://cloudresourcemanager.googleapis.com/v1/projects/huddleme:testIamPermissions {"permissions":["cloudfunctions.functions.create","cloudfunctions.functions.delete","cloudfunctions.functions.get","cloudfunctions.functions.list","cloudfunctions.functions.update","cloudfunctions.operations.get","firebase.projects.get","firebasehosting.sites.update"]}
